======================================================================
  ait
======================================================================

================================================================================================
  ait (vlm)
  tokenizer สำหรับ WER: pythainlp/newmm
================================================================================================
Attribute                      N      CER      WER    Exact    Sub    Del    Ins   Miss
------------------------------------------------------------------------------------------------
รหัสวิชา                      40   0.2530      —     77.5%      0     84      0      9
ชื่อวิชา (ไทย) ⭐              40   0.2550   0.2550   75.0%      0    281      0      9
ชื่อวิชา (อังกฤษ) ⭐           40   1.0000   1.0000    0.0%      0   1151      0     40
หน่วยกิต                      40   0.2298      —     77.5%      0     74      0      9
ปี/ภาค                        40   0.2250      —     77.5%      0     27      0      9
หมวดวิชา                      40   0.6387      —     20.0%     92    157    124      9
บังคับ/เลือก                  40   0.2060      —     77.5%      0     48      0      9
วิชาบังคับก่อน                31   1.0000      —      0.0%      0    173      0     31
ปี/ภาคยืดหยุ่น                31   0.0000      —    100.0%      0      0      0      0
------------------------------------------------------------------------------------------------
รวม (micro)                  342   0.5504   0.6361   56.4%
รวม (macro)                        0.4231   0.1394   56.1%
================================================================================================
  จับคู่วิชา: เจอ 31/40 | ตก 9 | แต่งเกิน 6   P=0.838 R=0.775 F1=0.805

================================================================================================
  ctype (บังคับ/เลือก) — confusion matrix
================================================================================================
GT \\ PRED                <ไม่ได้ทำนาย        บังคับ         เลือก
<ไม่ได้ทำนาย>                        0             0             0
บังคับ                               3            30             0
เลือก                                6             0             1
------------------------------------------------------------------------------------------------
class                     support  precision   recall       f1
บังคับ                         33      1.000    0.909    0.952
เลือก                           7      1.000    0.143    0.250
------------------------------------------------------------------------------------------------
  accuracy=0.775  macro_f1=0.601  MCC=1.000  (positive class = บังคับ)
================================================================================================

================================================================================================
  category (หมวดวิชา) — confusion matrix
================================================================================================
GT \\ PRED                <ไม่ได้ทำนาย  หมวดวิชาศึกษ  หมวดวิชาเฉพา  หมวดวิชาเลือ  หมวดวิชาเสรี
<ไม่ได้ทำนาย>                        0             0             0             0             0
หมวดวิชาศึกษาทั่วไป                  5             4             2             0             0
หมวดวิชาเฉพาะ                        2            20             4             1             0
หมวดวิชาเลือกเสรี                    0             0             0             0             0
หมวดวิชาเสรี                         2             0             0             0             0
------------------------------------------------------------------------------------------------
class                     support  precision   recall       f1
หมวดวิชาศึกษาทั่วไป            11      0.167    0.364    0.229
หมวดวิชาเฉพาะ                  27      0.667    0.148    0.242
หมวดวิชาเสรี                    2      0.000    0.000    0.000
------------------------------------------------------------------------------------------------
  accuracy=0.200  macro_f1=0.157
================================================================================================
  ✓ เขียนทับ D:\DSBA 3rd Year\Works\ocr_system (all)\ocr_system\Lab8b_ocr_system\runs\AIT\lab7b_output\evaluation.json และ D:\DSBA 3rd Year\Works\ocr_system (all)\ocr_system\Lab8b_ocr_system\runs\AIT\lab7b_output\comparison.csv

======================================================================
  bit_no_coop
======================================================================

================================================================================================
  bit_no_coop (vlm)
  tokenizer สำหรับ WER: pythainlp/newmm
================================================================================================
Attribute                      N      CER      WER    Exact    Sub    Del    Ins   Miss
------------------------------------------------------------------------------------------------
รหัสวิชา                      43   0.1163      —     88.4%      0     40      0      5
ชื่อวิชา (ไทย) ⭐              43   0.1209   0.1204   88.4%      0    159      0      5
ชื่อวิชา (อังกฤษ) ⭐           43   1.0000   1.0000    0.0%      0   1333      0     43
หน่วยกิต                      43   0.1368      —     88.4%      0     52      0      5
ปี/ภาค                        43   0.1163      —     88.4%      0     15      0      5
หมวดวิชา                      43   0.3997      —     48.8%     68     99     86      5
บังคับ/เลือก                  43   0.1315      —     86.0%      5     28      0      5
วิชาบังคับก่อน                38   1.0000      —      0.0%      0    205      0     38
ปี/ภาคยืดหยุ่น                38   0.0000      —     92.1%      0      0      9      0
------------------------------------------------------------------------------------------------
รวม (micro)                  377   0.4573   0.5238   65.0%
รวม (macro)                        0.3357   0.1245   64.5%
================================================================================================
  จับคู่วิชา: เจอ 38/43 | ตก 5 | แต่งเกิน 4   P=0.905 R=0.884 F1=0.894

================================================================================================
  ctype (บังคับ/เลือก) — confusion matrix
================================================================================================
GT \\ PRED                <ไม่ได้ทำนาย        บังคับ         เลือก
<ไม่ได้ทำนาย>                        0             0             0
บังคับ                               2            33             1
เลือก                                3             0             4
------------------------------------------------------------------------------------------------
class                     support  precision   recall       f1
บังคับ                         36      1.000    0.917    0.957
เลือก                           7      0.800    0.571    0.667
------------------------------------------------------------------------------------------------
  accuracy=0.861  macro_f1=0.812  MCC=0.881  (positive class = บังคับ)
================================================================================================

================================================================================================
  category (หมวดวิชา) — confusion matrix
================================================================================================
GT \\ PRED                <ไม่ได้ทำนาย  หมวดวิชาศึกษ  หมวดวิชาเฉพา  หมวดวิชาเลือ
<ไม่ได้ทำนาย>                        0             0             0             0
หมวดวิชาศึกษาทั่วไป                  3             6             2             0
หมวดวิชาเฉพาะ                        1            13            14             2
หมวดวิชาเลือกเสรี                    1             0             0             1
------------------------------------------------------------------------------------------------
class                     support  precision   recall       f1
หมวดวิชาศึกษาทั่วไป            11      0.316    0.545    0.400
หมวดวิชาเฉพาะ                  30      0.875    0.467    0.609
หมวดวิชาเลือกเสรี               2      0.333    0.500    0.400
------------------------------------------------------------------------------------------------
  accuracy=0.488  macro_f1=0.470
================================================================================================
  ✓ เขียนทับ D:\DSBA 3rd Year\Works\ocr_system (all)\ocr_system\Lab8b_ocr_system\runs\BIT\no_coop\lab7b_output\evaluation.json และ D:\DSBA 3rd Year\Works\ocr_system (all)\ocr_system\Lab8b_ocr_system\runs\BIT\no_coop\lab7b_output\comparison.csv

======================================================================
  bit_coop
======================================================================

================================================================================================
  bit_coop (vlm)
  tokenizer สำหรับ WER: pythainlp/newmm
================================================================================================
Attribute                      N      CER      WER    Exact    Sub    Del    Ins   Miss
------------------------------------------------------------------------------------------------
รหัสวิชา                      42   0.2184      —     81.0%      0     76      0      8
ชื่อวิชา (ไทย) ⭐              42   0.2451   0.2767   81.0%      0    310      0      8
ชื่อวิชา (อังกฤษ) ⭐           42   1.0000   1.0000    0.0%      0   1304      0     42
หน่วยกิต                      42   0.2708      —     81.0%      0    101      0      8
ปี/ภาค                        42   0.1905      —     81.0%      0     24      0      8
หมวดวิชา                      42   0.4516      —     45.2%     60    142     78      8
บังคับ/เลือก                  42   0.1918      —     78.6%      5     42      0      8
วิชาบังคับก่อน                34   1.0000      —      0.0%      0    185      0     34
ปี/ภาคยืดหยุ่น                34   0.0000      —    100.0%      0      0      0      0
------------------------------------------------------------------------------------------------
รวม (micro)                  362   0.5210   0.6099   61.3%
รวม (macro)                        0.3965   0.1419   60.8%
================================================================================================
  จับคู่วิชา: เจอ 34/42 | ตก 8 | แต่งเกิน 11   P=0.756 R=0.809 F1=0.782

================================================================================================
  ctype (บังคับ/เลือก) — confusion matrix
================================================================================================
GT \\ PRED                <ไม่ได้ทำนาย        บังคับ         เลือก
<ไม่ได้ทำนาย>                        0             0             0
บังคับ                               1            33             1
เลือก                                7             0             0
------------------------------------------------------------------------------------------------
class                     support  precision   recall       f1
บังคับ                         35      1.000    0.943    0.971
เลือก                           7      0.000    0.000    0.000
------------------------------------------------------------------------------------------------
  accuracy=0.786  macro_f1=0.485  MCC=0.000  (positive class = บังคับ)
================================================================================================

================================================================================================
  category (หมวดวิชา) — confusion matrix
================================================================================================
GT \\ PRED                <ไม่ได้ทำนาย  หมวดวิชาศึกษ  หมวดวิชาเฉพา  หมวดวิชาเลือ
<ไม่ได้ทำนาย>                        0             0             0             0
หมวดวิชาศึกษาทั่วไป                  3             6             2             0
หมวดวิชาเฉพาะ                        3            13            13             0
หมวดวิชาเลือกเสรี                    2             0             0             0
------------------------------------------------------------------------------------------------
class                     support  precision   recall       f1
หมวดวิชาศึกษาทั่วไป            11      0.316    0.545    0.400
หมวดวิชาเฉพาะ                  29      0.867    0.448    0.591
หมวดวิชาเลือกเสรี               2      0.000    0.000    0.000
------------------------------------------------------------------------------------------------
  accuracy=0.452  macro_f1=0.330
================================================================================================
  ✓ เขียนทับ D:\DSBA 3rd Year\Works\ocr_system (all)\ocr_system\Lab8b_ocr_system\runs\BIT\coop\lab7b_output\evaluation.json และ D:\DSBA 3rd Year\Works\ocr_system (all)\ocr_system\Lab8b_ocr_system\runs\BIT\coop\lab7b_output\comparison.csv

======================================================================
  dsba_no_coop
======================================================================

================================================================================================
  dsba_no_coop (vlm)
  tokenizer สำหรับ WER: pythainlp/newmm
================================================================================================
Attribute                      N      CER      WER    Exact    Sub    Del    Ins   Miss
------------------------------------------------------------------------------------------------
รหัสวิชา                      45   0.2667      —     73.3%      0     96      0     12
ชื่อวิชา (ไทย) ⭐              45   0.4317   0.4492   71.1%      1    617      1     12
ชื่อวิชา (อังกฤษ) ⭐           45   1.0000   1.0000    0.0%      0   1359      0     45
หน่วยกิต                      45   0.4390      —     73.3%      0    216      0     12
ปี/ภาค                        45   0.2667      —     73.3%      0     36      0     12
หมวดวิชา                      45   0.4127      —     53.3%     36    188     48     12
บังคับ/เลือก                  45   0.3089      —     66.7%     15     65      0     12
วิชาบังคับก่อน                33   1.0000      —      0.0%      0    180      0     33
ปี/ภาคยืดหยุ่น                33   0.0000      —    100.0%      0      0      0      0
------------------------------------------------------------------------------------------------
รวม (micro)                  381   0.5859   0.7098   57.2%
รวม (macro)                        0.4584   0.1610   56.8%
================================================================================================
  จับคู่วิชา: เจอ 33/45 | ตก 12 | แต่งเกิน 19   P=0.635 R=0.733 F1=0.680

================================================================================================
  ctype (บังคับ/เลือก) — confusion matrix
================================================================================================
GT \\ PRED                <ไม่ได้ทำนาย        บังคับ         เลือก
<ไม่ได้ทำนาย>                        0             0             0
บังคับ                               2            29             3
เลือก                               10             0             1
------------------------------------------------------------------------------------------------
class                     support  precision   recall       f1
บังคับ                         34      1.000    0.853    0.921
เลือก                          11      0.250    0.091    0.133
------------------------------------------------------------------------------------------------
  accuracy=0.667  macro_f1=0.527  MCC=0.476  (positive class = บังคับ)
================================================================================================

================================================================================================
  category (หมวดวิชา) — confusion matrix
================================================================================================
GT \\ PRED                <ไม่ได้ทำนาย  หมวดวิชาศึกษ  หมวดวิชาเฉพา  หมวดวิชาเลือ
<ไม่ได้ทำนาย>                        0             0             0             0
หมวดวิชาศึกษาทั่วไป                  3             7             1             0
หมวดวิชาเฉพาะ                        7             8            17             0
หมวดวิชาเลือกเสรี                    2             0             0             0
------------------------------------------------------------------------------------------------
class                     support  precision   recall       f1
หมวดวิชาศึกษาทั่วไป            11      0.467    0.636    0.538
หมวดวิชาเฉพาะ                  32      0.944    0.531    0.680
หมวดวิชาเลือกเสรี               2      0.000    0.000    0.000
------------------------------------------------------------------------------------------------
  accuracy=0.533  macro_f1=0.406
================================================================================================
  ✓ เขียนทับ D:\DSBA 3rd Year\Works\ocr_system (all)\ocr_system\Lab8b_ocr_system\runs\DSBA\no_coop\lab7b_output\evaluation.json และ D:\DSBA 3rd Year\Works\ocr_system (all)\ocr_system\Lab8b_ocr_system\runs\DSBA\no_coop\lab7b_output\comparison.csv

======================================================================
  dsba_coop
======================================================================

================================================================================================
  dsba_coop (vlm)
  tokenizer สำหรับ WER: pythainlp/newmm
================================================================================================
Attribute                      N      CER      WER    Exact    Sub    Del    Ins   Miss
------------------------------------------------------------------------------------------------
รหัสวิชา                      44   0.1978      —     79.5%      0     72      0      9
ชื่อวิชา (ไทย) ⭐              44   0.3838   0.4034   72.7%      1    552      2      9
ชื่อวิชา (อังกฤษ) ⭐           44   1.0000   1.0000    0.0%      0   1376      0     44
หน่วยกิต                      44   0.3905      —     79.5%      0    180      0      9
ปี/ภาค                        44   0.2045      —     79.5%      0     27      0      9
หมวดวิชา                      44   0.4040      —     52.3%     48    155     58      9
บังคับ/เลือก                  44   0.3647      —     61.4%     40     53      0      9
วิชาบังคับก่อน                35   1.0000      —      0.0%      0    190      0     35
ปี/ภาคยืดหยุ่น                35   0.0000      —    100.0%      0      0      0      0
------------------------------------------------------------------------------------------------
รวม (micro)                  378   0.5655   0.6883   58.7%
รวม (macro)                        0.4384   0.1559   58.3%
================================================================================================
  จับคู่วิชา: เจอ 35/44 | ตก 9 | แต่งเกิน 30   P=0.538 R=0.795 F1=0.642

================================================================================================
  ctype (บังคับ/เลือก) — confusion matrix
================================================================================================
GT \\ PRED                <ไม่ได้ทำนาย        บังคับ         เลือก
<ไม่ได้ทำนาย>                        0             0             0
บังคับ                               0            27             8
เลือก                                9             0             0
------------------------------------------------------------------------------------------------
class                     support  precision   recall       f1
บังคับ                         35      1.000    0.771    0.871
เลือก                           9      0.000    0.000    0.000
------------------------------------------------------------------------------------------------
  accuracy=0.614  macro_f1=0.435  MCC=0.000  (positive class = บังคับ)
================================================================================================

================================================================================================
  category (หมวดวิชา) — confusion matrix
================================================================================================
GT \\ PRED                <ไม่ได้ทำนาย  หมวดวิชาศึกษ  หมวดวิชาเฉพา  หมวดวิชาเลือ
<ไม่ได้ทำนาย>                        0             0             0             0
หมวดวิชาศึกษาทั่วไป                  3             6             2             0
หมวดวิชาเฉพาะ                        4             9            17             1
หมวดวิชาเลือกเสรี                    2             0             0             0
------------------------------------------------------------------------------------------------
class                     support  precision   recall       f1
หมวดวิชาศึกษาทั่วไป            11      0.400    0.545    0.462
หมวดวิชาเฉพาะ                  31      0.895    0.548    0.680
หมวดวิชาเลือกเสรี               2      0.000    0.000    0.000
------------------------------------------------------------------------------------------------
  accuracy=0.523  macro_f1=0.381
================================================================================================
  ✓ เขียนทับ D:\DSBA 3rd Year\Works\ocr_system (all)\ocr_system\Lab8b_ocr_system\runs\DSBA\coop\lab7b_output\evaluation.json และ D:\DSBA 3rd Year\Works\ocr_system (all)\ocr_system\Lab8b_ocr_system\runs\DSBA\coop\lab7b_output\comparison.csv

======================================================================
  it_no_coop
======================================================================

================================================================================================
  it_no_coop (vlm)
  tokenizer สำหรับ WER: pythainlp/newmm
================================================================================================
Attribute                      N      CER      WER    Exact    Sub    Del    Ins   Miss
------------------------------------------------------------------------------------------------
รหัสวิชา                      54   0.2778      —     72.2%      0    120      0     15
ชื่อวิชา (ไทย) ⭐              54   0.2997   0.3427   66.7%      2    431      0     15
ชื่อวิชา (อังกฤษ) ⭐           54   1.0000   1.0000    0.0%      0   1486      0     54
หน่วยกิต                      54   0.3571      —     70.4%      0    180      0     15
ปี/ภาค                        54   0.2778      —     72.2%      0     45      0     15
หมวดวิชา                      54   0.5219      —     38.9%     72    233    100     15
บังคับ/เลือก                  54   0.2627      —     72.2%      0     83      0     15
วิชาบังคับก่อน                39   1.0000      —      0.0%      0    207      0     39
ปี/ภาคยืดหยุ่น                39   0.0000      —    100.0%      0      0      0      0
------------------------------------------------------------------------------------------------
รวม (micro)                  456   0.5554   0.6585   55.0%
รวม (macro)                        0.4441   0.1492   54.7%
================================================================================================
  จับคู่วิชา: เจอ 39/54 | ตก 15 | แต่งเกิน 10   P=0.796 R=0.722 F1=0.757

================================================================================================
  ctype (บังคับ/เลือก) — confusion matrix
================================================================================================
GT \\ PRED                <ไม่ได้ทำนาย        บังคับ         เลือก
<ไม่ได้ทำนาย>                        0             0             0
บังคับ                               8            38             0
เลือก                                7             0             1
------------------------------------------------------------------------------------------------
class                     support  precision   recall       f1
บังคับ                         46      1.000    0.826    0.905
เลือก                           8      1.000    0.125    0.222
------------------------------------------------------------------------------------------------
  accuracy=0.722  macro_f1=0.564  MCC=1.000  (positive class = บังคับ)
================================================================================================

================================================================================================
  category (หมวดวิชา) — confusion matrix
================================================================================================
GT \\ PRED                <ไม่ได้ทำนาย  หมวดวิชาศึกษ  หมวดวิชาเฉพา  หมวดวิชาเลือ
<ไม่ได้ทำนาย>                        0             0             0             0
หมวดวิชาศึกษาทั่วไป                  4             6             1             0
หมวดวิชาเฉพาะ                        9            16            15             1
หมวดวิชาเลือกเสรี                    2             0             0             0
------------------------------------------------------------------------------------------------
class                     support  precision   recall       f1
หมวดวิชาศึกษาทั่วไป            11      0.273    0.545    0.364
หมวดวิชาเฉพาะ                  41      0.938    0.366    0.526
หมวดวิชาเลือกเสรี               2      0.000    0.000    0.000
------------------------------------------------------------------------------------------------
  accuracy=0.389  macro_f1=0.297
================================================================================================
  ✓ เขียนทับ D:\DSBA 3rd Year\Works\ocr_system (all)\ocr_system\Lab8b_ocr_system\runs\IT\no_coop\lab7b_output\evaluation.json และ D:\DSBA 3rd Year\Works\ocr_system (all)\ocr_system\Lab8b_ocr_system\runs\IT\no_coop\lab7b_output\comparison.csv

======================================================================
  it_coop
======================================================================

================================================================================================
  it_coop (vlm)
  tokenizer สำหรับ WER: pythainlp/newmm
================================================================================================
Attribute                      N      CER      WER    Exact    Sub    Del    Ins   Miss
------------------------------------------------------------------------------------------------
รหัสวิชา                      53   0.2844      —     73.6%      0    124      0     14
ชื่อวิชา (ไทย) ⭐              53   0.2953   0.3301   67.9%      6    409      4     14
ชื่อวิชา (อังกฤษ) ⭐           53   1.0000   1.0000    0.0%      0   1459      0     53
หน่วยกิต                      53   0.3051      —     73.6%      0    137      0     14
ปี/ภาค                        53   0.2642      —     73.6%      0     42      0     14
หมวดวิชา                      53   0.5098      —     39.6%     77    234     78     14
บังคับ/เลือก                  53   0.2917      —     69.8%     10     81      0     14
วิชาบังคับก่อน                39   1.0000      —      0.0%      0    207      0     39
ปี/ภาคยืดหยุ่น                39   0.0000      —    100.0%      0      0      0      0
------------------------------------------------------------------------------------------------
รวม (micro)                  449   0.5511   0.6500   55.7%
รวม (macro)                        0.4389   0.1478   55.3%
================================================================================================
  จับคู่วิชา: เจอ 39/53 | ตก 14 | แต่งเกิน 16   P=0.709 R=0.736 F1=0.722

================================================================================================
  ctype (บังคับ/เลือก) — confusion matrix
================================================================================================
GT \\ PRED                <ไม่ได้ทำนาย        บังคับ         เลือก
<ไม่ได้ทำนาย>                        0             0             0
บังคับ                               9            36             2
เลือก                                5             0             1
------------------------------------------------------------------------------------------------
class                     support  precision   recall       f1
บังคับ                         47      1.000    0.766    0.868
เลือก                           6      0.333    0.167    0.222
------------------------------------------------------------------------------------------------
  accuracy=0.698  macro_f1=0.545  MCC=0.562  (positive class = บังคับ)
================================================================================================

================================================================================================
  category (หมวดวิชา) — confusion matrix
================================================================================================
GT \\ PRED                <ไม่ได้ทำนาย  หมวดวิชาศึกษ  หมวดวิชาเฉพา  หมวดวิชาเลือ
<ไม่ได้ทำนาย>                        0             0             0             0
หมวดวิชาศึกษาทั่วไป                  3             3             4             1
หมวดวิชาเฉพาะ                        9            13            18             0
หมวดวิชาเลือกเสรี                    2             0             0             0
------------------------------------------------------------------------------------------------
class                     support  precision   recall       f1
หมวดวิชาศึกษาทั่วไป            11      0.188    0.273    0.222
หมวดวิชาเฉพาะ                  40      0.818    0.450    0.581
หมวดวิชาเลือกเสรี               2      0.000    0.000    0.000
------------------------------------------------------------------------------------------------
  accuracy=0.396  macro_f1=0.268
================================================================================================
  ✓ เขียนทับ D:\DSBA 3rd Year\Works\ocr_system (all)\ocr_system\Lab8b_ocr_system\runs\IT\coop\lab7b_output\evaluation.json และ D:\DSBA 3rd Year\Works\ocr_system (all)\ocr_system\Lab8b_ocr_system\runs\IT\coop\lab7b_output\comparison.csv

