      ย่อภาพ AIT_023.jpg: 3509px -> 1280px
      (scb10x/typhoon-ocr1.5-3b: 23.7 วิ, 1,874 ตัวอักษร, 959 tokens)
[1/4] เดิม: เจอ ['90641008'] · ยอดรวม []
      ย่อภาพ AIT_023.jpg: 3509px -> 1280px
      (scb10x/typhoon-ocr1.5-3b: 15.3 วิ, 1,841 ตัวอักษร, 937 tokens)
[1/4] ตัดตราน้ำ: เจอ ['90641008'] · ยอดรวม []
      ย่อภาพ AIT_023.jpg: 3509px -> 1280px
      (scb10x/typhoon-ocr1.5-3b: 12.0 วิ, 1,802 ตัวอักษร, 932 tokens)
[2/4] เดิม: เจอ [] · ยอดรวม ['15', '19']
      ย่อภาพ AIT_023.jpg: 3509px -> 1280px
      (scb10x/typhoon-ocr1.5-3b: 12.1 วิ, 1,825 ตัวอักษร, 945 tokens)
[2/4] ตัดตราน้ำ: เจอ ['90641008', '90641004'] · ยอดรวม []
      ย่อภาพ AIT_023.jpg: 3509px -> 1280px
      (scb10x/typhoon-ocr1.5-3b: 12.0 วิ, 1,802 ตัวอักษร, 932 tokens)
[3/4] เดิม: เจอ [] · ยอดรวม ['15', '19']
      ย่อภาพ AIT_023.jpg: 3509px -> 1280px
      (scb10x/typhoon-ocr1.5-3b: 12.1 วิ, 1,825 ตัวอักษร, 945 tokens)
[3/4] ตัดตราน้ำ: เจอ ['90641008', '90641004'] · ยอดรวม []
      ย่อภาพ AIT_023.jpg: 3509px -> 1280px
      (scb10x/typhoon-ocr1.5-3b: 13.8 วิ, 2,088 ตัวอักษร, 1,074 tokens)
[4/4] เดิม: เจอ ['90641008', '90641004'] · ยอดรวม []
      ย่อภาพ AIT_023.jpg: 3509px -> 1280px
      (scb10x/typhoon-ocr1.5-3b: 12.0 วิ, 1,819 ตัวอักษร, 924 tokens)
[4/4] ตัดตราน้ำ: เจอ ['90641008', '90641004'] · ยอดรวม []

สรุป (ต้องเจอ 90641008, 90641004)
  เดิม: เจอครบ 1/4 รอบ · เจอเฉลี่ย 0.75/2 รหัส
  ตัดตราน้ำ: เจอครบ 3/4 รอบ · เจอเฉลี่ย 1.75/2 รหัส
